[mypaddiapp.com/index.html]
[mypaddiapp.com/assets/images/favicon.ico]
[backblue.gif]
[fade.gif]
[index.html]
[mypaddiapp.com/assets/css/bootstrap-theme.min.css]
[mypaddiapp.com/assets/css/bootstrap.min.css]
[mypaddiapp.com/assets/css/home.css]
[mypaddiapp.com/assets/images/landing_page/mypaddi-logo.png]
[mypaddiapp.com/assets/images/landing_page/dubai-expo.png]
[mypaddiapp.com/assets/images/landing_page/african-development-foundation-logo.png]
[mypaddiapp.com/assets/images/landing_page/who.png]
[mypaddiapp.com/assets/images/landing_page/amplifychange-logo.png]
[mypaddiapp.com/assets/images/landing_page/google-store-icon.png]
[mypaddiapp.com/assets/images/landing_page/apple-store-icon.png]
[mypaddiapp.com/assets/images/landing_page/brand-ambassadors.png]
[mypaddiapp.com/assets/images/landing_page/zone-icon.png]
[mypaddiapp.com/assets/images/landing_page/chat-icon.png]
[mypaddiapp.com/assets/images/landing_page/shop-icon.png]
[mypaddiapp.com/assets/images/landing_page/doctor-chat-info.png]
[mypaddiapp.com/main.html]
[mypaddiapp.com/assets/images/landing_page/zone-infographic.png]
[mypaddiapp.com/assets/images/landing_page/shop-feature.png]
[mypaddiapp.com/assets/images/landing_page/colored-zone-icon.png]
[mypaddiapp.com/assets/images/landing_page/period-checker-icon.png]
[mypaddiapp.com/assets/images/landing_page/Mypaddi-features.gif]
[mypaddiapp.com/assets/images/landing_page/twitter-icon.png]
[mypaddiapp.com/assets/images/landing_page/instagram-icon.png]
[mypaddiapp.com/assets/images/landing_page/facebook-icon.png]
[mypaddiapp.com/assets/images/landing_page/whatsapp-icon.png]
[code.jquery.com/jquery-1.12.4.min.js]
[mypaddiapp.com/assets/js/bootstrap.min.js]
[mypaddiapp.com/index.html]
[mypaddiapp.com/assets/fonts/glyphicons-halflings-regular.html]
[mypaddiapp.com/assets/fonts/glyphicons-halflings-regulard41d.html]
[mypaddiapp.com/assets/fonts/glyphicons-halflings-regular-2.html]
[mypaddiapp.com/assets/fonts/glyphicons-halflings-regular-3.html]
[mypaddiapp.com/assets/fonts/glyphicons-halflings-regular-4.html]
[mypaddiapp.com/assets/css/bootstrap.min.css]
[mypaddiapp.com/assets/css/bootstrap-theme.min.css]
[mypaddiapp.com/assets/images/landing_page/banner-background@2x.png]
[mypaddiapp.com/assets/css/home.css]
[mypaddiapp.com/login/index.html]
[mypaddiapp.com/main.html]
[mypaddiapp.com/assets/images/landing_page/Mypaddi-features.gif]
[mypaddiapp.com/assets/images/Mypaddi logo_.png]
[mypaddiapp.com/assets/images/_ copy.png]
[mypaddiapp.com/assets/images/__2.png]
[mypaddiapp.com/assets/images/404 Error Page.png]
[mypaddiapp.com/assets/fonts/glyphicons-halflings-regular.html]
[mypaddiapp.com/assets/fonts/glyphicons-halflings-regulard41d.html]
[mypaddiapp.com/assets/fonts/glyphicons-halflings-regular-2.html]
[mypaddiapp.com/assets/fonts/glyphicons-halflings-regular-3.html]
[mypaddiapp.com/assets/fonts/glyphicons-halflings-regular-4.html]
[mypaddiapp.com/assets/images/landing_page/Mypaddi-features.gif]
